Microchip MPLAB XC8 Compiler V3.00

Linker command line:

-W-3 \
  --edf=C:\Program Files\Microchip\xc8\v3.00\pic\dat\20241204225717_en.msgs \
  -cn \
  -h+dist/default/production\Smart_Manhole_Monitoring_System.X.production.sym \
  --cmf=dist/default/production\Smart_Manhole_Monitoring_System.X.production.cmf \
  -z -Q16F877A -oC:\Users\Sakthi\AppData\Local\Temp\xcAs90k.\driver_tmp_3.o \
  --defsym=__MPLAB_BUILD=1 --fixupoverflow=error \
  -Mdist/default/production/Smart_Manhole_Monitoring_System.X.production.map \
  --md=C:\Users\Sakthi\AppData\Local\Temp\xcAs90k.\driver_tmp_0.dat -E1 \
  -ver=XC8 Compiler -ACODE=00h-07FFhx4 -ASTRCODE=00h-01FFFh \
  -ASTRING=00h-0FFhx32 -ACONST=00h-0FFhx32 -AENTRY=00h-0FFhx32 \
  -ACOMMON=070h-07Fh -ABANK0=020h-06Fh -ABANK1=0A0h-0EFh \
  -ABANK2=0110h-016Fh -ABANK3=0190h-01EFh \
  -ARAM=020h-06Fh,0A0h-0EFh,0110h-016Fh,0190h-01EFh \
  -AABS1=020h-07Fh,0A0h-0EFh,0110h-016Fh,0190h-01EFh -ASFR0=00h-01Fh \
  -ASFR1=080h-09Fh -ASFR2=0100h-010Fh -ASFR3=0180h-018Fh \
  -ACONFIG=02007h-02007h -DCONFIG=2 -AIDLOC=02000h-02003h -DIDLOC=2 \
  -AEEDATA=00h-0FFh/02100h -peeprom_data=EEDATA -DEEDATA=2 -DCODE=2 \
  -DSTRCODE=2 -DSTRING=2 -DCONST=2 -DENTRY=2 \
  -preset_vec=00h,intentry,sivt,init,end_init -ppowerup=CODE -pcinit=CODE \
  -pfunctab=ENTRY -k \
  C:\Users\Sakthi\AppData\Local\Temp\xcAs90k.\driver_tmp_17.o \
  dist/default/production\Smart_Manhole_Monitoring_System.X.production.o 

Object code version is 3.11

Machine type is 16F877A



                Name                               Link     Load   Length Selector   Space Scale
C:\Users\Sakthi\AppData\Local\Temp\xcAs90k.\driver_tmp_17.o
                end_init                              0        0        3        0       0
                config                             2007     2007        1        0       4
dist/default/production\Smart_Manhole_Monitoring_System.X.production.o
                cinit                               7EC      7EC       14      FD8       0
                config                             2007     2007        1        0       4
                text20                              299      299        4      532       0
                text19                              3E0      3E0       42      7C0       0
                text18                              3AB      3AB       35      756       0
                text17                              297      297        1      52E       0
                text16                              2BB      2BB        F      576       0
                text15                              2A5      2A5        A      54A       0
                text14                              2AF      2AF        C      55E       0
                text13                              2DB      2DB       14      5B6       0
                text12                              2EF      2EF       15      5DE       0
                text11                              319      319       19      632       0
                text10                              304      304       15      608       0
                text9                               37C      37C       2F      6F8       0
                text8                               479      479       63      8F2       0
                text7                               422      422       57      844       0
                text6                               2CA      2CA       11      594       0
                text5                               298      298        1      530       0
                text4                               4DC      4DC       9A      9B8       0
                text3                               671      671      17B      CE2       0
                text2                               355      355       27      6AA       0
                text1                               332      332       23      664       0
                maintext                            576      576       FB      AEC       0
                cstackBANK0                          20       20       50       20       1
                cstackCOMMON                         70       70        E       70       1
                cstackBANK1                          A0       A0       40       A0       1
                clrtext                             29D      29D        8      53A       0
                bssBANK3                            190      190       20      190       1
                bssBANK1                             E0       E0        5       A0       1
                strings                               3        3       86        6       0

TOTAL           Name                               Link     Load   Length     Space
        CLASS   CODE           
                end_init                              0        0        3         0
                cinit                               7EC      7EC       14         0
                text20                              299      299        4         0
                text19                              3E0      3E0       42         0
                text18                              3AB      3AB       35         0
                text17                              297      297        1         0
                text16                              2BB      2BB        F         0
                text15                              2A5      2A5        A         0
                text14                              2AF      2AF        C         0
                text13                              2DB      2DB       14         0
                text12                              2EF      2EF       15         0
                text11                              319      319       19         0
                text10                              304      304       15         0
                text9                               37C      37C       2F         0
                text8                               479      479       63         0
                text7                               422      422       57         0
                text6                               2CA      2CA       11         0
                text5                               298      298        1         0
                text4                               4DC      4DC       9A         0
                text3                               671      671      17B         0
                text2                               355      355       27         0
                text1                               332      332       23         0
                maintext                            576      576       FB         0
                clrtext                             29D      29D        8         0

        CLASS   STRCODE        

        CLASS   STRING         
                strings                               3        3       86         0

        CLASS   CONST          

        CLASS   ENTRY          

        CLASS   COMMON         
                cstackCOMMON                         70       70        E         1

        CLASS   BANK0          
                cstackBANK0                          20       20       50         1

        CLASS   BANK1          
                cstackBANK1                          A0       A0       40         1
                bssBANK1                             E0       E0        5         1

        CLASS   BANK2          

        CLASS   BANK3          
                bssBANK3                            190      190       20         1

        CLASS   RAM            

        CLASS   ABS1           
                abs_s1                               7E       7E        2         1

        CLASS   SFR0           

        CLASS   SFR1           

        CLASS   SFR2           

        CLASS   SFR3           

        CLASS   CONFIG         
                config                             2007     2007        1         4

        CLASS   IDLOC          

        CLASS   EEDATA         

        CLASS   HEAP           

        CLASS   STACK          



SEGMENTS        Name                           Load    Length   Top    Selector   Space  Class     Delta

                reset_vec                      000000  000003  000003         0       0  CODE        2
                strings                        000003  000086  000089         6       0  STRING      2
                cstackBANK0                    000020  000050  000070        20       1  BANK0       1
                cstackCOMMON                   000070  00000E  00007E        70       1  COMMON      1
                cstackBANK1                    0000A0  000045  0000E5        A0       1  BANK1       1
                bssBANK3                       000190  000020  0001B0       190       1  BANK3       1
                text17                         000297  000001  000298       52E       0  CODE        2
                text5                          000298  000001  000299       530       0  CODE        2
                text20                         000299  000004  00029D       532       0  CODE        2
                clrtext                        00029D  000008  0002A5       53A       0  CODE        2
                text15                         0002A5  00000A  0002AF       54A       0  CODE        2
                text14                         0002AF  00000C  0002BB       55E       0  CODE        2
                text16                         0002BB  00000F  0002CA       576       0  CODE        2
                text6                          0002CA  000011  0002DB       594       0  CODE        2
                text13                         0002DB  000014  0002EF       5B6       0  CODE        2
                text12                         0002EF  000015  000304       5DE       0  CODE        2
                text10                         000304  000015  000319       608       0  CODE        2
                text11                         000319  000019  000332       632       0  CODE        2
                text1                          000332  000023  000355       664       0  CODE        2
                text2                          000355  000027  00037C       6AA       0  CODE        2
                text9                          00037C  00002F  0003AB       6F8       0  CODE        2
                text18                         0003AB  000035  0003E0       756       0  CODE        2
                text19                         0003E0  000042  000422       7C0       0  CODE        2
                text7                          000422  000057  000479       844       0  CODE        2
                text8                          000479  000063  0004DC       8F2       0  CODE        2
                text4                          0004DC  00009A  000576       9B8       0  CODE        2
                maintext                       000576  0000FB  000671       AEC       0  CODE        2
                text3                          000671  00017B  0007EC       CE2       0  CODE        2
                cinit                          0007EC  000014  000800       FD8       0  CODE        2


UNUSED ADDRESS RANGES

        Name                Unused          Largest block    Delta
        BANK1            00E5-00EF              B           1
        BANK2            0110-016F             60           1
        BANK3            01B0-01EF             40           1
        CODE             0089-0296            20E           2
                         0800-1FFF            800
        CONST            0089-0296            100           2
                         0800-1FFF            100
        EEDATA           2100-21FF            100           2
        ENTRY            0089-0296            100           2
                         0800-1FFF            100
        IDLOC            2000-2003              4           2
        RAM              00E5-00EF              B           1
                         0110-016F             60
                         01B0-01EF             40
        SFR0             0000-001F             20           1
        SFR1             0080-009F             20           1
        SFR2             0100-010F             10           1
        SFR3             0180-018F             10           1
        STRCODE          0089-0296            20E           2
                         0800-1FFF           1800
        STRING           0089-0296            100           2
                         0800-1FFF            100

                                  Symbol Table

?_HC_SR04_Read            cstackCOMMON 0077
?_Tilt_Sensor_Read        cstackCOMMON 0070
?___awdiv                 cstackCOMMON 0070
?___awmod                 cstackCOMMON 0070
?___lwdiv                 cstackCOMMON 0070
?_abs                     cstackCOMMON 0076
?_sprintf                 cstackBANK0  0034
?_vfprintf                cstackBANK0  0030
HC_SR04_Read@distance     cstackCOMMON 007C
HC_SR04_Read@time         cstackCOMMON 007A
UART_Write@data           cstackCOMMON 0070
UART_Write_Text@text      cstackCOMMON 0071
_HC_SR04_Init             text20       0299
_HC_SR04_Read             text18       03AB
_PORTCbits                (abs)        0007
_PORTD                    (abs)        0008
_RB0                      (abs)        0030
_RB1                      (abs)        0031
_RB2                      (abs)        0032
_RCSTAbits                (abs)        0018
_SPBRG                    (abs)        0099
_T1CKPS0                  (abs)        0084
_T1CKPS1                  (abs)        0085
_T1OSCEN                  (abs)        0083
_TMR1CS                   (abs)        0081
_TMR1H                    (abs)        000F
_TMR1L                    (abs)        000E
_TMR1ON                   (abs)        0080
_TRISB0                   (abs)        0430
_TRISB1                   (abs)        0431
_TRISB2                   (abs)        0432
_TRISC                    (abs)        0087
_TRISCbits                (abs)        0087
_TRISD                    (abs)        0088
_TXREG                    (abs)        0019
_TXSTAbits                (abs)        0098
_Tilt_Sensor_Init         text17       0297
_Tilt_Sensor_Read         text16       02BB
_UART_Init                text15       02A5
_UART_Write               text14       02AF
_UART_Write_Text          text13       02DB
__H__absolute__           __absolute__ 0000
__Habs1                   abs1         0000
__Hbank0                  bank0        0000
__Hbank1                  bank1        0000
__Hbank2                  bank2        0000
__Hbank3                  bank3        0000
__HbssBANK1               bssBANK1     0000
__HbssBANK3               bssBANK3     0000
__Hcinit                  cinit        0800
__Hclrtext                clrtext      0000
__Hcode                   code         0000
__Hcommon                 common       0000
__Hconfig                 config       2008
__HcstackBANK0            cstackBANK0  0000
__HcstackBANK1            cstackBANK1  0000
__HcstackCOMMON           cstackCOMMON 0000
__Heeprom_data            eeprom_data  0000
__Hend_init               end_init     0003
__Hfunctab                functab      0000
__Hheap                   heap         0000
__Hinit                   init         0000
__Hintentry               intentry     0000
__Hmaintext               maintext     0000
__Hpowerup                powerup      0000
__Hram                    ram          0000
__Hreset_vec              reset_vec    0000
__Hsfr0                   sfr0         0000
__Hsfr1                   sfr1         0000
__Hsfr2                   sfr2         0000
__Hsfr3                   sfr3         0000
__Hsivt                   sivt         0000
__Hspace_0                (abs)        0800
__Hspace_1                (abs)        01B0
__Hspace_2                (abs)        0000
__Hspace_3                (abs)        0000
__Hspace_4                (abs)        400F
__Hstack                  stack        0000
__Hstrings                strings      0000
__Htext                   text         0000
__L__absolute__           __absolute__ 0000
__Labs1                   abs1         0000
__Lbank0                  bank0        0000
__Lbank1                  bank1        0000
__Lbank2                  bank2        0000
__Lbank3                  bank3        0000
__LbssBANK1               bssBANK1     0000
__LbssBANK3               bssBANK3     0000
__Lcinit                  cinit        07EC
__Lclrtext                clrtext      0000
__Lcode                   code         0000
__Lcommon                 common       0000
__Lconfig                 config       0000
__LcstackBANK0            cstackBANK0  0000
__LcstackBANK1            cstackBANK1  0000
__LcstackCOMMON           cstackCOMMON 0000
__Leeprom_data            eeprom_data  0000
__Lend_init               end_init     0000
__Lfunctab                functab      0000
__Lheap                   heap         0000
__Linit                   init         0000
__Lintentry               intentry     0000
__Lmaintext               maintext     0000
__Lpowerup                powerup      0000
__Lram                    ram          0000
__Lreset_vec              reset_vec    0000
__Lsfr0                   sfr0         0000
__Lsfr1                   sfr1         0000
__Lsfr2                   sfr2         0000
__Lsfr3                   sfr3         0000
__Lsivt                   sivt         0000
__Lspace_0                (abs)        0000
__Lspace_1                (abs)        0000
__Lspace_2                (abs)        0000
__Lspace_3                (abs)        0000
__Lspace_4                (abs)        0000
__Lstack                  stack        0000
__Lstrings                strings      0000
__Ltext                   text         0000
__S0                      (abs)        0800
__S1                      (abs)        01B0
__S3                      (abs)        0000
___awdiv                  text8        0479
___awdiv@counter          cstackCOMMON 0074
___awdiv@dividend         cstackCOMMON 0072
___awdiv@divisor          cstackCOMMON 0070
___awdiv@quotient         cstackCOMMON 0076
___awdiv@sign             cstackCOMMON 0075
___awmod                  text7        0422
___awmod@counter          cstackCOMMON 0074
___awmod@dividend         cstackCOMMON 0072
___awmod@divisor          cstackCOMMON 0070
___awmod@sign             cstackCOMMON 0075
___heap_hi                (abs)        0000
___heap_lo                (abs)        0000
___int_sp                 stack        0000
___int_stack_hi           stack        0000
___int_stack_lo           stack        0000
___latbits                (abs)        0002
___lwdiv                  text19       03E0
___lwdiv@counter          cstackCOMMON 0076
___lwdiv@dividend         cstackCOMMON 0072
___lwdiv@divisor          cstackCOMMON 0070
___lwdiv@quotient         cstackCOMMON 0074
___sp                     stack        0000
___stack_hi               stack        0000
___stack_lo               stack        0000
___stackhi                (abs)        0000
___stacklo                (abs)        0000
__end_of_HC_SR04_Init     text20       029D
__end_of_HC_SR04_Read     text18       03E0
__end_of_Tilt_Sensor_Init text17       0298
__end_of_Tilt_Sensor_Read text16       02CA
__end_of_UART_Init        text15       02AF
__end_of_UART_Write       text14       02BB
__end_of_UART_Write_Text  text13       02EF
__end_of___awdiv          text8        04DC
__end_of___awmod          text7        0479
__end_of___lwdiv          text19       0422
__end_of__initialization  cinit        07FC
__end_of__stringtab       strings      0013
__end_of_abs              text6        02DB
__end_of_fputc            text4        0576
__end_of_lcd_command      text12       0304
__end_of_lcd_data         text10       0319
__end_of_lcd_initialize   text11       0332
__end_of_lcd_string       text9        03AB
__end_of_main             maintext     0671
__end_of_putch            text5        0299
__end_of_sprintf          text1        0355
__end_of_vfpfcnvrt        text3        07EC
__end_of_vfprintf         text2        037C
__initialization          cinit        07EC
__pbssBANK1               bssBANK1     00E0
__pbssBANK3               bssBANK3     0190
__pcstackBANK0            cstackBANK0  0020
__pcstackBANK1            cstackBANK1  00A0
__pcstackCOMMON           cstackCOMMON 0070
__pmaintext               maintext     0576
__pstrings                strings      0003
__ptext1                  text1        0332
__ptext10                 text10       0304
__ptext11                 text11       0319
__ptext12                 text12       02EF
__ptext13                 text13       02DB
__ptext14                 text14       02AF
__ptext15                 text15       02A5
__ptext16                 text16       02BB
__ptext17                 text17       0297
__ptext18                 text18       03AB
__ptext19                 text19       03E0
__ptext2                  text2        0355
__ptext20                 text20       0299
__ptext3                  text3        0671
__ptext4                  text4        04DC
__ptext5                  text5        0298
__ptext6                  text6        02CA
__ptext7                  text7        0422
__ptext8                  text8        0479
__ptext9                  text9        037C
__stringbase              strings      0012
__stringtab               strings      0003
_abs                      text6        02CA
_dbuf                     bssBANK3     0190
_flags                    bssBANK1     00E4
_fputc                    text4        04DC
_lcd_command              text12       02EF
_lcd_data                 text10       0304
_lcd_initialize           text11       0319
_lcd_string               text9        037C
_main                     maintext     0576
_main$242                 cstackBANK0  006D
_prec                     bssBANK1     00E2
_putch                    text5        0298
_sprintf                  text1        0332
_vfpfcnvrt                text3        0671
_vfprintf                 text2        0355
_width                    bssBANK1     00E0
abs@a                     cstackCOMMON 0076
btemp                     (abs)        007E
clear_ram0                clrtext      029D
end_of_initialization     cinit        07FC
fputc@c                   cstackCOMMON 0070
fputc@fp                  cstackCOMMON 0072
intlevel0                 functab      0000
intlevel1                 functab      0000
intlevel2                 functab      0000
intlevel3                 functab      0000
intlevel4                 functab      0000
intlevel5                 functab      0000
lcd_command@cmd           cstackCOMMON 0072
lcd_data@data             cstackCOMMON 0072
lcd_string@i              cstackCOMMON 0076
lcd_string@num            cstackCOMMON 0075
lcd_string@str            cstackCOMMON 0073
main@distance             cstackBANK0  006E
main@tiltStatus           cstackBANK0  004C
main@tiltStr              cstackBANK0  006C
main@uartBuffer           cstackBANK1  00A0
main@waterLevel           cstackBANK0  005C
reset_vec                 reset_vec    0000
sprintf@ap                cstackBANK0  003D
sprintf@f                 cstackBANK0  003E
sprintf@fmt               cstackBANK0  0035
sprintf@s                 cstackBANK0  0034
start                     init         0000
start_initialization      cinit        07EC
vfpfcnvrt@ap              cstackBANK0  0023
vfpfcnvrt@c               cstackBANK0  002F
vfpfcnvrt@convarg         cstackBANK0  002B
vfpfcnvrt@cp              cstackBANK0  002A
vfpfcnvrt@cp_817          cstackBANK0  0027
vfpfcnvrt@done            cstackBANK0  0029
vfpfcnvrt@fmt             cstackBANK0  0022
vfpfcnvrt@fp              cstackBANK0  0020
vfprintf@ap               cstackBANK0  0033
vfprintf@cfmt             cstackCOMMON 007D
vfprintf@fmt              cstackBANK0  0032
vfprintf@fp               cstackBANK0  0030
wtemp0                    (abs)        007E


MODULE INFORMATION

Module		Function		Class		Link	Load	Size
C:\Program Files\Microchip\xc8\v3.00\pic\sources\c99\common\abs.c
		_abs           		CODE           	02CA	0000	17

C:\Program Files\Microchip\xc8\v3.00\pic\sources\c99\common\abs.c estimated size: 17

C:\Program Files\Microchip\xc8\v3.00\pic\sources\c99\common\nf_fputc.c
		_fputc         		CODE           	04DC	0000	154

C:\Program Files\Microchip\xc8\v3.00\pic\sources\c99\common\nf_fputc.c estimated size: 154

C:\Program Files\Microchip\xc8\v3.00\pic\sources\c99\common\nf_sprintf.c
		_sprintf       		CODE           	0332	0000	35

C:\Program Files\Microchip\xc8\v3.00\pic\sources\c99\common\nf_sprintf.c estimated size: 35

C:\Program Files\Microchip\xc8\v3.00\pic\sources\c99\common\awmod.c
		___awmod       		CODE           	0422	0000	87

C:\Program Files\Microchip\xc8\v3.00\pic\sources\c99\common\awmod.c estimated size: 87

C:\Program Files\Microchip\xc8\v3.00\pic\sources\c99\common\putch.c
		_putch         		CODE           	0298	0000	1

C:\Program Files\Microchip\xc8\v3.00\pic\sources\c99\common\putch.c estimated size: 1

shared
		__stringtab    		STRING         	0003	0000	16
		__initialization		CODE           	07EC	0000	16

shared estimated size: 32

smart_manhole_monitoring_system.c
		_lcd_command   		CODE           	02EF	0000	21
		_lcd_data      		CODE           	0304	0000	21
		_lcd_initialize		CODE           	0319	0000	25
		_UART_Init     		CODE           	02A5	0000	10
		_Tilt_Sensor_Read		CODE           	02BB	0000	15
		_main          		CODE           	0576	0000	251
		_Tilt_Sensor_Init		CODE           	0297	0000	1
		_UART_Write_Text		CODE           	02DB	0000	20
		_UART_Write    		CODE           	02AF	0000	12
		_lcd_string    		CODE           	037C	0000	47
		_HC_SR04_Read  		CODE           	03AB	0000	53
		_HC_SR04_Init  		CODE           	0299	0000	4

smart_manhole_monitoring_system.c estimated size: 480

C:\Program Files\Microchip\xc8\v3.00\pic\sources\c99\common\lwdiv.c
		___lwdiv       		CODE           	03E0	0000	66

C:\Program Files\Microchip\xc8\v3.00\pic\sources\c99\common\lwdiv.c estimated size: 66

C:\Program Files\Microchip\xc8\v3.00\pic\sources\c99\common\awdiv.c
		___awdiv       		CODE           	0479	0000	99

C:\Program Files\Microchip\xc8\v3.00\pic\sources\c99\common\awdiv.c estimated size: 99

C:\Program Files\Microchip\xc8\v3.00\pic\sources\c99\common\doprnt.c
		_vfpfcnvrt     		CODE           	0671	0000	379
		_vfprintf      		CODE           	0355	0000	39

C:\Program Files\Microchip\xc8\v3.00\pic\sources\c99\common\doprnt.c estimated size: 418

